0 verbose cli C:\Program Files\nodejs\node.exe C:\Program Files\nodejs\node_modules\npm\bin\npm-cli.js
1 info using npm@10.9.3
2 info using node@v22.18.0
3 silly config load:file:C:\Program Files\nodejs\node_modules\npm\npmrc
4 silly config load:file:D:\Mini_Project\.npmrc
5 silly config load:file:C:\Users\shree\.npmrc
6 silly config load:file:C:\Users\shree\AppData\Roaming\npm\etc\npmrc
7 verbose title npm exec create-next-app@latest Career-Automate-Admin --typescript --tailwind --eslint --app --src-dir --no-turbopack --import-alias @/*
8 verbose argv "exec" "--yes" "--" "create-next-app@latest" "Career-Automate-Admin" "--typescript" "--tailwind" "--eslint" "--app" "--src-dir" "--no-turbopack" "--import-alias" "@/*"
9 verbose logfile logs-max:10 dir:D:\Mini_Project\.npm-cache\_logs\2025-12-22T01_19_07_257Z-
10 verbose logfile D:\Mini_Project\.npm-cache\_logs\2025-12-22T01_19_07_257Z-debug-0.log
11 silly logfile done cleaning log files
12 silly packumentCache heap:4345298944 maxSize:1086324736 maxEntrySize:543162368
13 http fetch GET 200 https://registry.npmjs.org/create-next-app 169ms (cache revalidated)
14 silly packumentCache heap:4345298944 maxSize:1086324736 maxEntrySize:543162368
15 silly packumentCache heap:4345298944 maxSize:1086324736 maxEntrySize:543162368
16 verbose cwd D:\Mini_Project
17 verbose os Windows_NT 10.0.26200
18 verbose node v22.18.0
19 verbose npm  v10.9.3
20 verbose exit 1
21 verbose code 1
