0 verbose cli C:\Program Files\nodejs\node.exe C:\Program Files\nodejs\node_modules\npm\bin\npm-cli.js
1 info using npm@10.9.3
2 info using node@v22.18.0
3 silly config load:file:C:\Program Files\nodejs\node_modules\npm\npmrc
4 silly config load:file:D:\Mini_Project\.npmrc
5 silly config load:file:C:\Users\shree\.npmrc
6 silly config load:file:C:\Users\shree\AppData\Roaming\npm\etc\npmrc
7 verbose title npm exec create-next-app@latest --help
8 verbose argv "exec" "--yes" "--" "create-next-app@latest" "--help"
9 verbose logfile logs-max:10 dir:D:\Mini_Project\.npm-cache\_logs\2025-12-22T01_18_35_043Z-
10 verbose logfile D:\Mini_Project\.npm-cache\_logs\2025-12-22T01_18_35_043Z-debug-0.log
11 silly logfile done cleaning log files
12 silly packumentCache heap:4345298944 maxSize:1086324736 maxEntrySize:543162368
13 http fetch GET 200 https://registry.npmjs.org/npm 189ms
14 http fetch GET 200 https://registry.npmjs.org/create-next-app 520ms (cache miss)
15 silly packumentCache heap:4345298944 maxSize:1086324736 maxEntrySize:543162368
16 silly packumentCache heap:4345298944 maxSize:1086324736 maxEntrySize:543162368
17 silly idealTree buildDeps
18 silly fetch manifest create-next-app@16.1.0
19 silly packumentCache full:https://registry.npmjs.org/create-next-app cache-miss
20 http fetch GET 200 https://registry.npmjs.org/create-next-app 534ms (cache miss)
21 silly packumentCache full:https://registry.npmjs.org/create-next-app set size:undefined disposed:false
22 silly placeDep ROOT create-next-app@16.1.0 OK for:  want: 16.1.0
23 silly reify moves {}
24 silly audit bulk request { 'create-next-app': [ '16.1.0' ] }
25 http cache create-next-app@https://registry.npmjs.org/create-next-app/-/create-next-app-16.1.0.tgz 0ms (cache hit)
26 silly tarball no local data for create-next-app@https://registry.npmjs.org/create-next-app/-/create-next-app-16.1.0.tgz. Extracting by manifest.
27 http fetch POST 200 https://registry.npmjs.org/-/npm/v1/security/advisories/bulk 475ms
28 silly audit report {}
29 http fetch GET 200 https://registry.npmjs.org/create-next-app/-/create-next-app-16.1.0.tgz 1166ms (cache miss)
30 verbose cwd D:\Mini_Project
31 verbose os Windows_NT 10.0.26200
32 verbose node v22.18.0
33 verbose npm  v10.9.3
34 notice
34 notice New [31mmajor[39m version of npm available! [31m10.9.3[39m -> [34m11.7.0[39m
34 notice Changelog: [34mhttps://github.com/npm/cli/releases/tag/v11.7.0[39m
34 notice To update run: [4mnpm install -g npm@11.7.0[24m
34 notice  { force: true, [Symbol(proc-log.meta)]: true }
35 verbose exit 0
36 info ok
